// Jest Snapshot v1, https://goo.gl/fbAQLP

exports[`renders correctly 1`] = `
<div
  className="App"
>
  <div
    className="MuiContainer-root MuiContainer-maxWidthXl"
  >
    <div>
      Choose your own adventure Coin
    </div>
    <div
      className="MuiContainer-root MuiContainer-maxWidthXl"
    >
      <div
        className="MuiTableContainer-root"
      >
        <table
          className="MuiTable-root"
          role={null}
        >
          <thead
            className="MuiTableHead-root"
            role={null}
          >
            <tr
              className="MuiTableRow-root MuiTableRow-head"
              role={null}
            >
              <th
                aria-sort={null}
                className="MuiTableCell-root MuiTableCell-head"
                scope="col"
              />
            </tr>
          </thead>
          <tbody
            className="MuiTableBody-root"
            role={null}
          />
        </table>
      </div>
    </div>
  </div>
</div>
`;
